#-----------------------------------------------------------
# Vivado v2018.3 (64-bit)
# SW Build 2405991 on Thu Dec  6 23:38:27 MST 2018
# IP Build 2404404 on Fri Dec  7 01:43:56 MST 2018
# Start of session at: Thu May 20 00:36:18 2021
# Process ID: 9484
# Current directory: F:/Pobrane/fast_invrse_square_root_kb/fast_inverse_square_root
# Command line: vivado.exe -gui_launcher_event rodinguilauncherevent2256 F:\Pobrane\fast_invrse_square_root_kb\fast_inverse_square_root\fast_inverse_square_root.xpr
# Log file: F:/Pobrane/fast_invrse_square_root_kb/fast_inverse_square_root/vivado.log
# Journal file: F:/Pobrane/fast_invrse_square_root_kb/fast_inverse_square_root\vivado.jou
#-----------------------------------------------------------
start_gui
open_project F:/Pobrane/fast_invrse_square_root_kb/fast_inverse_square_root/fast_inverse_square_root.xpr
update_compile_order -fileset sources_1
# Disabling source management mode.  This is to allow the top design properties to be set without GUI intervention.
set_property source_mgmt_mode None [current_project]
set_property top float_to_fixed [current_fileset]
# Re-enabling previously disabled source management mode.
set_property source_mgmt_mode All [current_project]
update_compile_order -fileset sources_1
set_property file_type SystemVerilog [get_files  F:/Pobrane/fast_invrse_square_root_kb/fast_inverse_square_root/fast_inverse_square_root.srcs/sources_1/new/float2fixed.v]
# Disabling source management mode.  This is to allow the top design properties to be set without GUI intervention.
set_property source_mgmt_mode None [current_project]
set_property top float2fixed_tb [get_filesets sim_1]
set_property top_lib xil_defaultlib [get_filesets sim_1]
# Re-enabling previously disabled source management mode.
set_property source_mgmt_mode All [current_project]
# Disabling source management mode.  This is to allow the top design properties to be set without GUI intervention.
set_property source_mgmt_mode None [current_project]
set_property top float2fixed [current_fileset]
# Re-enabling previously disabled source management mode.
set_property source_mgmt_mode All [current_project]
update_compile_order -fileset sim_1
update_compile_order -fileset sources_1
launch_simulation
source float2fixed_tb.tcl
close_sim
launch_simulation
source float2fixed_tb.tcl
close_sim
launch_simulation
source float2fixed_tb.tcl
close_sim
launch_simulation
source float2fixed_tb.tcl
close_sim
