19:14:12 **** Auto Build of configuration Debug for project fisr__demo_test ****
make all 
'Building file: ../src/main.c'
'Invoking: MicroBlaze gcc compiler'
mb-gcc -Wall -O0 -g3 -c -fmessage-length=0 -MT"src/main.o" -I../../fisr__demo_test_bsp/microblaze_0/include -mlittle-endian -mcpu=v11.0 -mxl-soft-mul -Wl,--no-relax -ffunction-sections -fdata-sections -MMD -MP -MF"src/main.d" -MT"src/main.o" -o "src/main.o" "../src/main.c"
'Finished building: ../src/main.c'
' '
'Building target: fisr__demo_test.elf'
'Invoking: MicroBlaze gcc linker'
mb-gcc -Wl,-T -Wl,../src/lscript.ld -L../../fisr__demo_test_bsp/microblaze_0/lib -mlittle-endian -mcpu=v11.0 -mxl-soft-mul -Wl,--no-relax -Wl,--gc-sections -o "fisr__demo_test.elf"  ./src/main.o   -Wl,--start-group,-lxil,-lgcc,-lc,--end-group
'Finished building target: fisr__demo_test.elf'
' '
'Invoking: MicroBlaze Print Size'
mb-size fisr__demo_test.elf  |tee "fisr__demo_test.elf.size"
   text	   data	    bss	    dec	    hex	filename
   3648	    320	   3112	   7080	   1ba8	fisr__demo_test.elf
'Finished building: fisr__demo_test.elf.size'
' '

19:14:13 Build Finished (took 1s.31ms)

