#-----------------------------------------------------------
# Vivado v2018.3 (64-bit)
# SW Build 2405991 on Thu Dec  6 23:38:27 MST 2018
# IP Build 2404404 on Fri Dec  7 01:43:56 MST 2018
# Start of session at: Wed Jun 16 23:18:43 2021
# Process ID: 4136
# Current directory: D:/Projects/fast_inverse_square_root/fast_inverse_square_root_acc/fast_inverse_square_root_acc.runs/fiser_fixed_acc_fisr_fixed_ip_0_0_synth_1
# Command line: vivado.exe -log fiser_fixed_acc_fisr_fixed_ip_0_0.vds -product Vivado -mode batch -messageDb vivado.pb -notrace -source fiser_fixed_acc_fisr_fixed_ip_0_0.tcl
# Log file: D:/Projects/fast_inverse_square_root/fast_inverse_square_root_acc/fast_inverse_square_root_acc.runs/fiser_fixed_acc_fisr_fixed_ip_0_0_synth_1/fiser_fixed_acc_fisr_fixed_ip_0_0.vds
# Journal file: D:/Projects/fast_inverse_square_root/fast_inverse_square_root_acc/fast_inverse_square_root_acc.runs/fiser_fixed_acc_fisr_fixed_ip_0_0_synth_1\vivado.jou
#-----------------------------------------------------------
source fiser_fixed_acc_fisr_fixed_ip_0_0.tcl -notrace
