#-----------------------------------------------------------
# Webtalk v2018.3 (64-bit)
# SW Build 2405991 on Thu Dec  6 23:38:27 MST 2018
# IP Build 2404404 on Fri Dec  7 01:43:56 MST 2018
# Start of session at: Sun Jun 13 13:31:53 2021
# Process ID: 6940
# Current directory: D:/Projects/fast_inverse_square_root_K_B/fast_invrse_square_root_kb/fast_inverse_square_root/fast_inverse_square_root.sim/sim_1/behav/xsim
# Command line: wbtcv.exe -mode batch -source D:/Projects/fast_inverse_square_root_K_B/fast_invrse_square_root_kb/fast_inverse_square_root/fast_inverse_square_root.sim/sim_1/behav/xsim/xsim.dir/float_to_fixed_TB_behav/webtalk/xsim_webtalk.tcl -notrace
# Log file: D:/Projects/fast_inverse_square_root_K_B/fast_invrse_square_root_kb/fast_inverse_square_root/fast_inverse_square_root.sim/sim_1/behav/xsim/webtalk.log
# Journal file: D:/Projects/fast_inverse_square_root_K_B/fast_invrse_square_root_kb/fast_inverse_square_root/fast_inverse_square_root.sim/sim_1/behav/xsim\webtalk.jou
#-----------------------------------------------------------
source D:/Projects/fast_inverse_square_root_K_B/fast_invrse_square_root_kb/fast_inverse_square_root/fast_inverse_square_root.sim/sim_1/behav/xsim/xsim.dir/float_to_fixed_TB_behav/webtalk/xsim_webtalk.tcl -notrace
