#-----------------------------------------------------------
# Vivado v2018.3 (64-bit)
# SW Build 2405991 on Thu Dec  6 23:38:27 MST 2018
# IP Build 2404404 on Fri Dec  7 01:43:56 MST 2018
# Start of session at: Sun Jun 13 16:50:48 2021
# Process ID: 13200
# Current directory: D:/Projects/fast_inverse_square_root_K_B/fast_invrse_square_root_kb/fast_inverse_square_root
# Command line: vivado.exe -gui_launcher_event rodinguilauncherevent6984 D:\Projects\fast_inverse_square_root_K_B\fast_invrse_square_root_kb\fast_inverse_square_root\fast_inverse_square_root.xpr
# Log file: D:/Projects/fast_inverse_square_root_K_B/fast_invrse_square_root_kb/fast_inverse_square_root/vivado.log
# Journal file: D:/Projects/fast_inverse_square_root_K_B/fast_invrse_square_root_kb/fast_inverse_square_root\vivado.jou
#-----------------------------------------------------------
start_gui
open_project D:/Projects/fast_inverse_square_root_K_B/fast_invrse_square_root_kb/fast_inverse_square_root/fast_inverse_square_root.xpr
update_compile_order -fileset sources_1
launch_simulation
source fisr_rtl_tb.tcl
close_sim
launch_simulation
source fisr_rtl_tb.tcl
close_sim
launch_simulation
launch_simulation
source fisr_rtl_tb.tcl
close_sim
launch_simulation
source fisr_rtl_tb.tcl
close_sim
launch_simulation
source fisr_rtl_tb.tcl
close_sim
launch_simulation
source fisr_rtl_tb.tcl
save_wave_config {D:/Projects/fast_inverse_square_root_K_B/fast_invrse_square_root_kb/fast_inverse_square_root/fisr_rtl_tb_behav.wcfg}
add_files -fileset sim_1 -norecurse D:/Projects/fast_inverse_square_root_K_B/fast_invrse_square_root_kb/fast_inverse_square_root/fisr_rtl_tb_behav.wcfg
set_property xsim.view {D:/Projects/fast_inverse_square_root_K_B/fast_invrse_square_root_kb/fast_inverse_square_root/float2fixed_tb_behav.wcfg D:/Projects/fast_inverse_square_root_K_B/fast_invrse_square_root_kb/fast_inverse_square_root/fisr_rtl_tb_behav.wcfg} [get_filesets sim_1]
close_sim
launch_simulation
open_wave_config D:/Projects/fast_inverse_square_root_K_B/fast_invrse_square_root_kb/fast_inverse_square_root/fisr_rtl_tb_behav.wcfg
source fisr_rtl_tb.tcl
close_sim
launch_simulation
open_wave_config D:/Projects/fast_inverse_square_root_K_B/fast_invrse_square_root_kb/fast_inverse_square_root/fisr_rtl_tb_behav.wcfg
source fisr_rtl_tb.tcl
close_sim
launch_simulation
open_wave_config D:/Projects/fast_inverse_square_root_K_B/fast_invrse_square_root_kb/fast_inverse_square_root/fisr_rtl_tb_behav.wcfg
source fisr_rtl_tb.tcl
close_sim
launch_simulation
open_wave_config D:/Projects/fast_inverse_square_root_K_B/fast_invrse_square_root_kb/fast_inverse_square_root/fisr_rtl_tb_behav.wcfg
source fisr_rtl_tb.tcl
close_sim
launch_simulation
open_wave_config D:/Projects/fast_inverse_square_root_K_B/fast_invrse_square_root_kb/fast_inverse_square_root/fisr_rtl_tb_behav.wcfg
source fisr_rtl_tb.tcl
close_sim
launch_simulation
open_wave_config D:/Projects/fast_inverse_square_root_K_B/fast_invrse_square_root_kb/fast_inverse_square_root/fisr_rtl_tb_behav.wcfg
source fisr_rtl_tb.tcl
close_sim
launch_simulation
open_wave_config D:/Projects/fast_inverse_square_root_K_B/fast_invrse_square_root_kb/fast_inverse_square_root/fisr_rtl_tb_behav.wcfg
source fisr_rtl_tb.tcl
close_sim
launch_simulation
open_wave_config D:/Projects/fast_inverse_square_root_K_B/fast_invrse_square_root_kb/fast_inverse_square_root/fisr_rtl_tb_behav.wcfg
source fisr_rtl_tb.tcl
close_sim
launch_simulation
open_wave_config D:/Projects/fast_inverse_square_root_K_B/fast_invrse_square_root_kb/fast_inverse_square_root/fisr_rtl_tb_behav.wcfg
source fisr_rtl_tb.tcl
close_sim
launch_simulation
open_wave_config D:/Projects/fast_inverse_square_root_K_B/fast_invrse_square_root_kb/fast_inverse_square_root/fisr_rtl_tb_behav.wcfg
source fisr_rtl_tb.tcl
# Disabling source management mode.  This is to allow the top design properties to be set without GUI intervention.
set_property source_mgmt_mode None [current_project]
set_property top float_to_fixed_TB [get_filesets sim_1]
set_property top_lib xil_defaultlib [get_filesets sim_1]
# Re-enabling previously disabled source management mode.
set_property source_mgmt_mode All [current_project]
update_compile_order -fileset sim_1
launch_simulation
open_wave_config D:/Projects/fast_inverse_square_root_K_B/fast_invrse_square_root_kb/fast_inverse_square_root/fisr_rtl_tb_behav.wcfg
source float_to_fixed_TB.tcl
# Disabling source management mode.  This is to allow the top design properties to be set without GUI intervention.
set_property source_mgmt_mode None [current_project]
set_property top float_to_fixed [current_fileset]
# Re-enabling previously disabled source management mode.
set_property source_mgmt_mode All [current_project]
update_compile_order -fileset sources_1
close_sim
launch_simulation
open_wave_config D:/Projects/fast_inverse_square_root_K_B/fast_invrse_square_root_kb/fast_inverse_square_root/fisr_rtl_tb_behav.wcfg
source float_to_fixed_TB.tcl
save_wave_config {D:/Projects/fast_inverse_square_root_K_B/fast_invrse_square_root_kb/fast_inverse_square_root/fisr_rtl_tb_behav.wcfg}
close_sim
launch_simulation
open_wave_config D:/Projects/fast_inverse_square_root_K_B/fast_invrse_square_root_kb/fast_inverse_square_root/fisr_rtl_tb_behav.wcfg
source float_to_fixed_TB.tcl
# Disabling source management mode.  This is to allow the top design properties to be set without GUI intervention.
set_property source_mgmt_mode None [current_project]
set_property top fisr_rtl [current_fileset]
# Re-enabling previously disabled source management mode.
set_property source_mgmt_mode All [current_project]
update_compile_order -fileset sources_1
export_ip_user_files -of_objects  [get_files D:/Projects/fast_inverse_square_root_K_B/fast_invrse_square_root_kb/fast_inverse_square_root/float2fixed_tb_behav.wcfg] -no_script -reset -force -quiet
remove_files  -fileset sim_1 D:/Projects/fast_inverse_square_root_K_B/fast_invrse_square_root_kb/fast_inverse_square_root/float2fixed_tb_behav.wcfg
close_sim
launch_simulation
open_wave_config D:/Projects/fast_inverse_square_root_K_B/fast_invrse_square_root_kb/fast_inverse_square_root/fisr_rtl_tb_behav.wcfg
source float_to_fixed_TB.tcl
close_sim
launch_simulation
open_wave_config D:/Projects/fast_inverse_square_root_K_B/fast_invrse_square_root_kb/fast_inverse_square_root/fisr_rtl_tb_behav.wcfg
source float_to_fixed_TB.tcl
set_property top fisr_rtl_tb [get_filesets sim_1]
current_sim simulation_16
set_property top_lib xil_defaultlib [get_filesets sim_1]
update_compile_order -fileset sim_1
close_sim
launch_simulation
open_wave_config D:/Projects/fast_inverse_square_root_K_B/fast_invrse_square_root_kb/fast_inverse_square_root/fisr_rtl_tb_behav.wcfg
source fisr_rtl_tb.tcl
current_sim simulation_21
close_sim
export_ip_user_files -of_objects  [get_files D:/Projects/fast_inverse_square_root_K_B/fast_invrse_square_root_kb/fast_inverse_square_root/fisr_rtl_tb_behav.wcfg] -no_script -reset -force -quiet
remove_files  -fileset sim_1 D:/Projects/fast_inverse_square_root_K_B/fast_invrse_square_root_kb/fast_inverse_square_root/fisr_rtl_tb_behav.wcfg
close_sim
launch_simulation
source fisr_rtl_tb.tcl
close_sim
launch_simulation
source fisr_rtl_tb.tcl
# Disabling source management mode.  This is to allow the top design properties to be set without GUI intervention.
set_property source_mgmt_mode None [current_project]
set_property top float_to_fixed_TB [get_filesets sim_1]
set_property top_lib xil_defaultlib [get_filesets sim_1]
# Re-enabling previously disabled source management mode.
set_property source_mgmt_mode All [current_project]
# Disabling source management mode.  This is to allow the top design properties to be set without GUI intervention.
set_property source_mgmt_mode None [current_project]
set_property top float_to_fixed [current_fileset]
# Re-enabling previously disabled source management mode.
set_property source_mgmt_mode All [current_project]
update_compile_order -fileset sim_1
update_compile_order -fileset sources_1
launch_simulation
source float_to_fixed_TB.tcl
close_sim
launch_simulation
source float_to_fixed_TB.tcl
close_sim
launch_simulation
source float_to_fixed_TB.tcl
# Disabling source management mode.  This is to allow the top design properties to be set without GUI intervention.
set_property source_mgmt_mode None [current_project]
set_property top fisr_rtl_tb [get_filesets sim_1]
set_property top_lib xil_defaultlib [get_filesets sim_1]
# Re-enabling previously disabled source management mode.
set_property source_mgmt_mode All [current_project]
current_sim simulation_24
close_sim
launch_simulation
source fisr_rtl_tb.tcl
update_compile_order -fileset sim_1
close_sim
launch_simulation
source fisr_rtl_tb.tcl
close_sim
launch_simulation
source fisr_rtl_tb.tcl
close_sim
launch_simulation
source fisr_rtl_tb.tcl
close_sim
launch_simulation
source fisr_rtl_tb.tcl
close_sim
launch_simulation
source fisr_rtl_tb.tcl
close_sim
launch_simulation
source fisr_rtl_tb.tcl
close_sim
launch_simulation
launch_simulation
source fisr_rtl_tb.tcl
close_sim
launch_simulation
source fisr_rtl_tb.tcl
# Disabling source management mode.  This is to allow the top design properties to be set without GUI intervention.
set_property source_mgmt_mode None [current_project]
set_property top float_to_fixed_TB [get_filesets sim_1]
set_property top_lib xil_defaultlib [get_filesets sim_1]
# Re-enabling previously disabled source management mode.
set_property source_mgmt_mode All [current_project]
update_compile_order -fileset sim_1
# Disabling source management mode.  This is to allow the top design properties to be set without GUI intervention.
set_property source_mgmt_mode None [current_project]
set_property top fisr_rtl [current_fileset]
# Re-enabling previously disabled source management mode.
set_property source_mgmt_mode All [current_project]
update_compile_order -fileset sources_1
# Disabling source management mode.  This is to allow the top design properties to be set without GUI intervention.
set_property source_mgmt_mode None [current_project]
set_property top float_to_fixed [current_fileset]
# Re-enabling previously disabled source management mode.
set_property source_mgmt_mode All [current_project]
update_compile_order -fileset sources_1
current_sim simulation_27
close_sim
launch_simulation
source float_to_fixed_TB.tcl
close_sim
launch_simulation
source float_to_fixed_TB.tcl
close_sim
launch_simulation
source float_to_fixed_TB.tcl
close_sim
launch_simulation
source float_to_fixed_TB.tcl
close_sim
launch_simulation
source float_to_fixed_TB.tcl
close_sim
launch_simulation
source float_to_fixed_TB.tcl
close_sim
launch_simulation
source float_to_fixed_TB.tcl
close_sim
launch_simulation
source float_to_fixed_TB.tcl
close_sim
launch_simulation
source float_to_fixed_TB.tcl
close_sim
launch_simulation
source float_to_fixed_TB.tcl
update_compile_order -fileset sim_1
update_compile_order -fileset sim_1
close_sim
launch_simulation
source float_to_fixed_TB.tcl
close_sim
launch_simulation
launch_simulation
source float_to_fixed_TB.tcl
close_sim
launch_simulation
source float_to_fixed_TB.tcl
close_sim
launch_simulation
source float_to_fixed_TB.tcl
close_sim
launch_simulation
launch_simulation
source float_to_fixed_TB.tcl
close_sim
launch_simulation
source float_to_fixed_TB.tcl
close_sim
launch_simulation
source float_to_fixed_TB.tcl
close_sim
launch_simulation
source float_to_fixed_TB.tcl
close_sim
launch_simulation
source float_to_fixed_TB.tcl
close_sim
launch_simulation
source float_to_fixed_TB.tcl
close_sim
launch_simulation
source float_to_fixed_TB.tcl
close_sim
launch_simulation
source float_to_fixed_TB.tcl
close_sim
launch_simulation
source float_to_fixed_TB.tcl
close_sim
launch_simulation
source float_to_fixed_TB.tcl
close_sim
launch_simulation
source float_to_fixed_TB.tcl
close_sim
launch_simulation
source float_to_fixed_TB.tcl
close_sim
launch_simulation
source float_to_fixed_TB.tcl
close_sim
launch_simulation
source float_to_fixed_TB.tcl
# Disabling source management mode.  This is to allow the top design properties to be set without GUI intervention.
set_property source_mgmt_mode None [current_project]
set_property top fisr_rtl_tb [get_filesets sim_1]
set_property top_lib xil_defaultlib [get_filesets sim_1]
# Re-enabling previously disabled source management mode.
set_property source_mgmt_mode All [current_project]
# Disabling source management mode.  This is to allow the top design properties to be set without GUI intervention.
set_property source_mgmt_mode None [current_project]
set_property top fisr_rtl [current_fileset]
# Re-enabling previously disabled source management mode.
set_property source_mgmt_mode All [current_project]
update_compile_order -fileset sources_1
update_compile_order -fileset sim_1
current_sim simulation_36
close_sim
launch_simulation
source fisr_rtl_tb.tcl
close_sim
launch_simulation
source fisr_rtl_tb.tcl
close_sim
launch_simulation
source fisr_rtl_tb.tcl
close_sim
launch_simulation
source fisr_rtl_tb.tcl
close_sim
launch_simulation
source fisr_rtl_tb.tcl
close_sim
launch_simulation
source fisr_rtl_tb.tcl
close_sim
launch_simulation
source fisr_rtl_tb.tcl
close_sim
launch_simulation
source fisr_rtl_tb.tcl
close_sim
launch_simulation
source fisr_rtl_tb.tcl
close_sim
launch_simulation
source fisr_rtl_tb.tcl
reset_run synth_1
launch_runs synth_1 -jobs 4
wait_on_run synth_1
close_sim
launch_simulation
source fisr_rtl_tb.tcl
close_sim
launch_simulation
source fisr_rtl_tb.tcl
close_sim
launch_simulation
source fisr_rtl_tb.tcl
close_sim
launch_simulation
source fisr_rtl_tb.tcl
close_sim
launch_simulation
source fisr_rtl_tb.tcl
close_sim
launch_simulation
source fisr_rtl_tb.tcl
close_sim
launch_simulation
source fisr_rtl_tb.tcl
close_sim
launch_simulation
launch_simulation
source fisr_rtl_tb.tcl
close_sim
launch_simulation
source fisr_rtl_tb.tcl
close_sim
launch_simulation
source fisr_rtl_tb.tcl
close_sim
launch_simulation
source fisr_rtl_tb.tcl
close_sim
launch_simulation
source fisr_rtl_tb.tcl
close_sim
launch_simulation
source fisr_rtl_tb.tcl
close_sim
launch_simulation
source fisr_rtl_tb.tcl
close_sim
launch_simulation
source fisr_rtl_tb.tcl
close_sim
launch_simulation
source fisr_rtl_tb.tcl
close_sim
launch_simulation
launch_simulation
source fisr_rtl_tb.tcl
close_sim
launch_simulation
source fisr_rtl_tb.tcl
close_sim
launch_simulation
source fisr_rtl_tb.tcl
close_sim
launch_simulation
source fisr_rtl_tb.tcl
close_sim
launch_simulation
source fisr_rtl_tb.tcl
close_sim
launch_simulation
source fisr_rtl_tb.tcl
close_sim
launch_simulation
source fisr_rtl_tb.tcl
close_sim
launch_simulation
source fisr_rtl_tb.tcl
close_sim
launch_simulation
source fisr_rtl_tb.tcl
close_sim
launch_simulation
source fisr_rtl_tb.tcl
close_sim
launch_simulation
source fisr_rtl_tb.tcl
close_sim
launch_simulation
source fisr_rtl_tb.tcl
# Disabling source management mode.  This is to allow the top design properties to be set without GUI intervention.
set_property source_mgmt_mode None [current_project]
set_property top float_to_fixed_TB [get_filesets sim_1]
set_property top_lib xil_defaultlib [get_filesets sim_1]
# Re-enabling previously disabled source management mode.
set_property source_mgmt_mode All [current_project]
update_compile_order -fileset sim_1
current_sim simulation_64
close_sim
launch_simulation
source float_to_fixed_TB.tcl
# Disabling source management mode.  This is to allow the top design properties to be set without GUI intervention.
set_property source_mgmt_mode None [current_project]
set_property top fisr_rtl_tb [get_filesets sim_1]
set_property top_lib xil_defaultlib [get_filesets sim_1]
# Re-enabling previously disabled source management mode.
set_property source_mgmt_mode All [current_project]
update_compile_order -fileset sim_1
current_sim simulation_102
close_sim
launch_simulation
source fisr_rtl_tb.tcl
close_sim
launch_simulation
source fisr_rtl_tb.tcl
close_sim
launch_simulation
source fisr_rtl_tb.tcl
close_sim
launch_simulation
source fisr_rtl_tb.tcl
close_sim
launch_simulation
source fisr_rtl_tb.tcl
close_sim
launch_simulation
source fisr_rtl_tb.tcl
close_sim
launch_simulation
source fisr_rtl_tb.tcl
# Disabling source management mode.  This is to allow the top design properties to be set without GUI intervention.
set_property source_mgmt_mode None [current_project]
set_property top float_to_fixed_TB [get_filesets sim_1]
set_property top_lib xil_defaultlib [get_filesets sim_1]
# Re-enabling previously disabled source management mode.
set_property source_mgmt_mode All [current_project]
update_compile_order -fileset sim_1
current_sim simulation_103
close_sim
launch_simulation
source float_to_fixed_TB.tcl
# Disabling source management mode.  This is to allow the top design properties to be set without GUI intervention.
set_property source_mgmt_mode None [current_project]
set_property top fisr_rtl_tb [get_filesets sim_1]
set_property top_lib xil_defaultlib [get_filesets sim_1]
# Re-enabling previously disabled source management mode.
set_property source_mgmt_mode All [current_project]
update_compile_order -fileset sim_1
current_sim simulation_110
close_sim
launch_simulation
source fisr_rtl_tb.tcl
close_sim
launch_simulation
source fisr_rtl_tb.tcl
close_sim
launch_simulation
source fisr_rtl_tb.tcl
close_sim
launch_simulation
source fisr_rtl_tb.tcl
close_sim
launch_simulation
source fisr_rtl_tb.tcl
close_sim
launch_simulation
source fisr_rtl_tb.tcl
close_sim
launch_simulation
source fisr_rtl_tb.tcl
close_sim
launch_simulation
source fisr_rtl_tb.tcl
close_sim
launch_simulation
source fisr_rtl_tb.tcl
close_sim
launch_simulation
source fisr_rtl_tb.tcl
close_sim
launch_simulation
source fisr_rtl_tb.tcl
close [ open D:/Projects/fast_inverse_square_root_K_B/fast_invrse_square_root_kb/fast_inverse_square_root/fast_inverse_square_root.srcs/sources_1/new/fisr2_rtl.sv w ]
add_files D:/Projects/fast_inverse_square_root_K_B/fast_invrse_square_root_kb/fast_inverse_square_root/fast_inverse_square_root.srcs/sources_1/new/fisr2_rtl.sv
update_compile_order -fileset sources_1
close_sim
launch_simulation
source fisr_rtl_tb.tcl
set_property SOURCE_SET sources_1 [get_filesets sim_1]
close [ open D:/Projects/fast_inverse_square_root_K_B/fast_invrse_square_root_kb/fast_inverse_square_root/fast_inverse_square_root.srcs/sim_1/new/fisr2_rtl_tb.sv w ]
add_files -fileset sim_1 D:/Projects/fast_inverse_square_root_K_B/fast_invrse_square_root_kb/fast_inverse_square_root/fast_inverse_square_root.srcs/sim_1/new/fisr2_rtl_tb.sv
update_compile_order -fileset sim_1
# Disabling source management mode.  This is to allow the top design properties to be set without GUI intervention.
set_property source_mgmt_mode None [current_project]
set_property top fisr2_rtl [get_filesets sim_1]
set_property top_lib xil_defaultlib [get_filesets sim_1]
# Re-enabling previously disabled source management mode.
set_property source_mgmt_mode All [current_project]
update_compile_order -fileset sim_1
launch_simulation
source fisr2_rtl.tcl
close_sim
launch_simulation
source fisr2_rtl.tcl
# Disabling source management mode.  This is to allow the top design properties to be set without GUI intervention.
set_property source_mgmt_mode None [current_project]
set_property top fisr2_rtl_tb [get_filesets sim_1]
set_property top_lib xil_defaultlib [get_filesets sim_1]
# Re-enabling previously disabled source management mode.
set_property source_mgmt_mode All [current_project]
update_compile_order -fileset sim_1
launch_simulation
source fisr2_rtl_tb.tcl
close_sim
launch_simulation
source fisr2_rtl_tb.tcl
close_sim
launch_simulation
source fisr2_rtl_tb.tcl
close_sim
launch_simulation
source fisr2_rtl_tb.tcl
close_sim
launch_simulation
source fisr2_rtl_tb.tcl
close_sim
launch_simulation
source fisr2_rtl_tb.tcl
close_sim
launch_simulation
source fisr2_rtl_tb.tcl
close_sim
launch_simulation
source fisr2_rtl_tb.tcl
close_sim
launch_simulation
source fisr2_rtl_tb.tcl
close_sim
launch_simulation
source fisr2_rtl_tb.tcl
close_sim
launch_simulation
source fisr2_rtl_tb.tcl
close_sim
launch_simulation
source fisr2_rtl_tb.tcl
close_sim
launch_simulation
source fisr2_rtl_tb.tcl
close_sim
launch_simulation
source fisr2_rtl_tb.tcl
close_sim
launch_simulation
source fisr2_rtl_tb.tcl
close_sim
launch_simulation
source fisr2_rtl_tb.tcl
close_sim
launch_simulation
source fisr2_rtl_tb.tcl
close_sim
launch_simulation
source fisr2_rtl_tb.tcl
close_sim
launch_simulation
source fisr2_rtl_tb.tcl
close_sim
launch_simulation
source fisr2_rtl_tb.tcl
close_sim
launch_simulation
source fisr2_rtl_tb.tcl
close_sim
launch_simulation
source fisr2_rtl_tb.tcl
close_sim
launch_simulation
source fisr2_rtl_tb.tcl
close_sim
launch_simulation
source fisr2_rtl_tb.tcl
close_sim
launch_simulation
source fisr2_rtl_tb.tcl
close_sim
launch_simulation
source fisr2_rtl_tb.tcl
close_sim
launch_simulation
source fisr2_rtl_tb.tcl
close_sim
launch_simulation
source fisr2_rtl_tb.tcl
close_sim
launch_simulation
source fisr2_rtl_tb.tcl
close_sim
launch_simulation
current_sim simulation_125
launch_simulation
source fisr2_rtl_tb.tcl
close_sim
launch_simulation
source fisr2_rtl_tb.tcl
close_sim
launch_simulation
source fisr2_rtl_tb.tcl
close_sim
launch_simulation
source fisr2_rtl_tb.tcl
close_sim
launch_simulation
source fisr2_rtl_tb.tcl
close_sim
launch_simulation
source fisr2_rtl_tb.tcl
close_sim
launch_simulation
source fisr2_rtl_tb.tcl
close_sim
launch_simulation
source fisr2_rtl_tb.tcl
close_sim
launch_simulation
source fisr2_rtl_tb.tcl
close_sim
launch_simulation
source fisr2_rtl_tb.tcl
close_sim
launch_simulation
source fisr2_rtl_tb.tcl
close_sim
launch_simulation
source fisr2_rtl_tb.tcl
close_sim
launch_simulation
source fisr2_rtl_tb.tcl
close_sim
launch_simulation
source fisr2_rtl_tb.tcl
close_sim
launch_simulation
source fisr2_rtl_tb.tcl
close_sim
launch_simulation
source fisr2_rtl_tb.tcl
close_sim
launch_simulation
source fisr2_rtl_tb.tcl
close_sim
launch_simulation
source fisr2_rtl_tb.tcl
close_sim
launch_simulation
source fisr2_rtl_tb.tcl
close_sim
launch_simulation
source fisr2_rtl_tb.tcl
close_sim
launch_simulation
source fisr2_rtl_tb.tcl
close_sim
launch_simulation
source fisr2_rtl_tb.tcl
close_sim
launch_simulation
source fisr2_rtl_tb.tcl
close_sim
launch_simulation
current_sim simulation_125
close_sim
current_sim simulation_123
close_sim
close_sim
